    Finished `release` profile [optimized] target(s) in 0.08s
warning: the following packages contain code that will be rejected by a future version of Rust: block v0.1.6
note: to see what the problems were, use the option `--future-incompat-report`, or run `cargo report future-incompatibilities --id 1`
     Running tests/probe_screen.rs (target/release/deps/probe_screen-31d2414799d6b67c)

running 1 test
1000000 nonces, 4 stages, target -14625068 milli, output docs/perf/data/2026-09-23-calibration-v2/B.csv
test probe_then_solve_on_fresh_nonces has been running for over 60 seconds
stage 64x32: 291661/1000000 after 60 s, 4860.42 jobs/s
stage 64x32: 583001/1000000 after 120 s, 4858.04 jobs/s
stage 64x32: 868961/1000000 after 180 s, 4827.29 jobs/s
  producers, summed over threads: drawing 162.5 s, blocked on the device 1097.0 s (210.0 s wall); 0.16 ms per instance
stage 64x32: 1000000 of 1000000 jobs in 210.0 s = 4762.21 jobs/s; lead 0.03 s; wall_seconds=209.986368
stage 64x64: 222121/368000 after 60 s, 3701.82 jobs/s
  producers, summed over threads: drawing 82.2 s, blocked on the device 515.4 s (99.7 s wall); 0.22 ms per instance
stage 64x64: 368000 of 368000 jobs in 99.7 s = 3691.41 jobs/s; lead 0.02 s; wall_seconds=99.690840
  producers, summed over threads: drawing 45.0 s, blocked on the device 276.5 s (54.1 s wall); 0.33 ms per instance
stage 64x128: 135424 of 135424 jobs in 54.1 s = 2504.29 jobs/s; lead 0.03 s; wall_seconds=54.076834
  producers, summed over threads: drawing 19.4 s, blocked on the device 199.4 s (36.9 s wall); 0.39 ms per instance
stage 64x256: 49837 of 49837 jobs in 36.9 s = 1351.39 jobs/s; lead 0.03 s; wall_seconds=36.878199
wrote docs/perf/data/2026-09-23-calibration-v2/B.csv
test probe_then_solve_on_fresh_nonces ... ok

test result: ok. 1 passed; 0 failed; 0 ignored; 0 measured; 5 filtered out; finished in 402.24s

